// Vitest Snapshot v1, https://vitest.dev/guide/snapshot.html

exports[`Modal Component > renders modal when isOpen is true 1`] = `
{
  "asFragment": [Function],
  "baseElement": <body>
    <div>
      <div
        class="fixed inset-0 z-50 flex items-center justify-center overflow-x-hidden overflow-y-auto outline-none focus:outline-none"
        role="dialog"
      >
        <div
          class="p-4 max-w-4xl w-full relative mx-auto my-6 z-50"
        >
          <div
            class="relative bg-white  rounded-lg shadow-lg"
          >
            <div
              class="flex items-center justify-end bg-gray-500 p-2 border-b border-gray-200 rounded-t-lg"
            >
              <button
                class="text-gray-100 hover:text-gray-200 focus:outline-none"
                role="button"
              >
                <svg
                  class="w-6 h-6"
                  fill="none"
                  stroke="currentColor"
                  viewBox="0 0 24 24"
                  xmlns="http://www.w3.org/2000/svg"
                >
                  <path
                    d="M6 18L18 6M6 6l12 12"
                    stroke-linecap="round"
                    stroke-linejoin="round"
                    stroke-width="2"
                  />
                </svg>
              </button>
            </div>
            <div>
              <div>
                Modal Content
              </div>
            </div>
          </div>
        </div>
        <div
          class="fixed inset-0 bg-black opacity-25  z-40 "
        />
      </div>
    </div>
  </body>,
  "container": <div>
    <div
      class="fixed inset-0 z-50 flex items-center justify-center overflow-x-hidden overflow-y-auto outline-none focus:outline-none"
      role="dialog"
    >
      <div
        class="p-4 max-w-4xl w-full relative mx-auto my-6 z-50"
      >
        <div
          class="relative bg-white  rounded-lg shadow-lg"
        >
          <div
            class="flex items-center justify-end bg-gray-500 p-2 border-b border-gray-200 rounded-t-lg"
          >
            <button
              class="text-gray-100 hover:text-gray-200 focus:outline-none"
              role="button"
            >
              <svg
                class="w-6 h-6"
                fill="none"
                stroke="currentColor"
                viewBox="0 0 24 24"
                xmlns="http://www.w3.org/2000/svg"
              >
                <path
                  d="M6 18L18 6M6 6l12 12"
                  stroke-linecap="round"
                  stroke-linejoin="round"
                  stroke-width="2"
                />
              </svg>
            </button>
          </div>
          <div>
            <div>
              Modal Content
            </div>
          </div>
        </div>
      </div>
      <div
        class="fixed inset-0 bg-black opacity-25  z-40 "
      />
    </div>
  </div>,
  "debug": [Function],
  "findAllByAltText": [Function],
  "findAllByDisplayValue": [Function],
  "findAllByLabelText": [Function],
  "findAllByPlaceholderText": [Function],
  "findAllByRole": [Function],
  "findAllByTestId": [Function],
  "findAllByText": [Function],
  "findAllByTitle": [Function],
  "findByAltText": [Function],
  "findByDisplayValue": [Function],
  "findByLabelText": [Function],
  "findByPlaceholderText": [Function],
  "findByRole": [Function],
  "findByTestId": [Function],
  "findByText": [Function],
  "findByTitle": [Function],
  "getAllByAltText": [Function],
  "getAllByDisplayValue": [Function],
  "getAllByLabelText": [Function],
  "getAllByPlaceholderText": [Function],
  "getAllByRole": [Function],
  "getAllByTestId": [Function],
  "getAllByText": [Function],
  "getAllByTitle": [Function],
  "getByAltText": [Function],
  "getByDisplayValue": [Function],
  "getByLabelText": [Function],
  "getByPlaceholderText": [Function],
  "getByRole": [Function],
  "getByTestId": [Function],
  "getByText": [Function],
  "getByTitle": [Function],
  "queryAllByAltText": [Function],
  "queryAllByDisplayValue": [Function],
  "queryAllByLabelText": [Function],
  "queryAllByPlaceholderText": [Function],
  "queryAllByRole": [Function],
  "queryAllByTestId": [Function],
  "queryAllByText": [Function],
  "queryAllByTitle": [Function],
  "queryByAltText": [Function],
  "queryByDisplayValue": [Function],
  "queryByLabelText": [Function],
  "queryByPlaceholderText": [Function],
  "queryByRole": [Function],
  "queryByTestId": [Function],
  "queryByText": [Function],
  "queryByTitle": [Function],
  "rerender": [Function],
  "unmount": [Function],
}
`;
